// Jest Snapshot v1, https://goo.gl/fbAQLP

exports[`Indirect Deep Multi 1`] = `
"bXipeBrs.png
bsdudxaF.md
index.js"
`;

exports[`Indirect Deep Multi 2`] = `
"import image from './bXipeBrs.png';
import content from './bsdudxaF.md';

function index() {
  return content + image
}

export default index;
"
`;
