// Jest Snapshot v1, https://goo.gl/fbAQLP

exports[`Indirect Deep Multi 1`] = `
"HDWIGpiP.md
SmVOQyTt.png
index.js"
`;

exports[`Indirect Deep Multi 2`] = `
"import image from './SmVOQyTt.png';
import content from './HDWIGpiP.md';

function index() {
  return content + image
}

export { index as default };
"
`;
