// Jest Snapshot v1, https://goo.gl/fbAQLP

exports[`Sugar SS Asset 1`] = `
"HDWIGpiP.md
SmVOQyTt.png
index.js
yaFSUYWG.pcss
yaFSUYWG.pcss.map"
`;

exports[`Sugar SS Asset 2`] = `
"import content from './HDWIGpiP.md';
import css from './yaFSUYWG.pcss';

function index() {
  return content + css
}

export { index as default };
"
`;

exports[`Sugar SS Asset 3`] = `
"body {
  font-size: 20px;
  background: url(./SmVOQyTt.png) top left repeat
}

/*# sourceMappingURL=yaFSUYWG.pcss.map */"
`;
