// Jest Snapshot v1, https://goo.gl/fbAQLP

exports[`Sugar SS Asset 1`] = `
"bXipeBrs.png
bsdudxaF.md
dtlVeIbo.pcss
dtlVeIbo.pcss.map
index.js"
`;

exports[`Sugar SS Asset 2`] = `
"import content from './bsdudxaF.md';
import css from './dtlVeIbo.pcss';

function index() {
  return content + css
}

export default index;
"
`;

exports[`Sugar SS Asset 3`] = `
"body {
  font-size: 20px;
  background: url(./bXipeBrs.png) top left repeat
}

/*# sourceMappingURL=dtlVeIbo.pcss.map */"
`;
