// Jest Snapshot v1, https://goo.gl/fbAQLP

exports[`CSS Basic 1`] = `
"HDWIGpiP.md
SDZkqFGT.css
SDZkqFGT.css.map
index.js"
`;

exports[`CSS Basic 2`] = `
"import content from './HDWIGpiP.md';
import css from './SDZkqFGT.css';

function index() {
  return content + css
}

export { index as default };
"
`;

exports[`CSS Basic 3`] = `
"body {
  font-size: 20px;
}

/*# sourceMappingURL=SDZkqFGT.css.map */"
`;
