// Jest Snapshot v1, https://goo.gl/fbAQLP

exports[`CSS Asset 1`] = `
"HDWIGpiP.md
SmVOQyTt.png
index.js
rfFBfmSa.css
rfFBfmSa.css.map"
`;

exports[`CSS Asset 2`] = `
"import content from './HDWIGpiP.md';
import css from './rfFBfmSa.css';

function index() {
  return content + css
}

export { index as default };
"
`;

exports[`CSS Asset 3`] = `
"body {
  font-size: 20px;
  background: url(./SmVOQyTt.png) top left repeat;
}

/*# sourceMappingURL=rfFBfmSa.css.map */"
`;
