// Jest Snapshot v1, https://goo.gl/fbAQLP

exports[`Keep Name 1`] = `
"content~HDWIGpiP.md
image~SmVOQyTt.png
index.js
index~rfFBfmSa.css
index~rfFBfmSa.css.map"
`;

exports[`Keep Name 2`] = `
"import content from './content~HDWIGpiP.md';
import css from './index~rfFBfmSa.css';

function index() {
  return content + css
}

export { index as default };
"
`;

exports[`Keep Name 3`] = `
"body {
  font-size: 20px;
  background: url(./image~SmVOQyTt.png) top left repeat;
}

/*# sourceMappingURL=index~rfFBfmSa.css.map */"
`;
