// Jest Snapshot v1, https://goo.gl/fbAQLP

exports[`Asset Folder 1`] = `
"bundled-assets
index.js"
`;

exports[`Asset Folder 2`] = `
"bXipeBrs.png
bsdudxaF.md
gToHHcDx.css
gToHHcDx.css.map"
`;

exports[`Asset Folder 3`] = `
"import content from './bundled-assets/bsdudxaF.md';
import css from './bundled-assets/gToHHcDx.css';

function index() {
  return content + css
}

export default index;
"
`;

exports[`Asset Folder 4`] = `
"body {
  font-size: 20px;
  background: url(./bXipeBrs.png) top left repeat;
}

/*# sourceMappingURL=gToHHcDx.css.map */"
`;
