// Jest Snapshot v1, https://goo.gl/fbAQLP

exports[`Asset Folder 1`] = `
"bundled-assets
index.js"
`;

exports[`Asset Folder 2`] = `
"HDWIGpiP.md
SmVOQyTt.png
rfFBfmSa.css
rfFBfmSa.css.map"
`;

exports[`Asset Folder 3`] = `
"import content from './bundled-assets/HDWIGpiP.md';
import css from './bundled-assets/rfFBfmSa.css';

function index() {
  return content + css
}

export { index as default };
"
`;

exports[`Asset Folder 4`] = `
"body {
  font-size: 20px;
  background: url(./SmVOQyTt.png) top left repeat;
}

/*# sourceMappingURL=rfFBfmSa.css.map */"
`;
