// Jest Snapshot v1, https://goo.gl/fbAQLP

exports[`SCSS Asset with @import 1`] = `
"HDWIGpiP.md
SmVOQyTt.png
index.js
ytsjlkRd.scss
ytsjlkRd.scss.map"
`;

exports[`SCSS Asset with @import 2`] = `
"import content from './HDWIGpiP.md';
import scss from './ytsjlkRd.scss';

function index() {
  return content + scss
}

export { index as default };
"
`;

exports[`SCSS Asset with @import 3`] = `
"body {
  font-size: 20px;
  background: url(./SmVOQyTt.png) top left repeat;

  h1 {
    font-weight: bold;
  }
}


/*# sourceMappingURL=ytsjlkRd.scss.map */"
`;
