// Jest Snapshot v1, https://goo.gl/fbAQLP

exports[`SCSS Asset with @import 1`] = `
"SjafTEhN.scss
SjafTEhN.scss.map
bXipeBrs.png
bsdudxaF.md
index.js"
`;

exports[`SCSS Asset with @import 2`] = `
"import content from './bsdudxaF.md';
import scss from './SjafTEhN.scss';

function index() {
  return content + scss
}

export default index;
"
`;

exports[`SCSS Asset with @import 3`] = `
"body {
  font-size: 20px;
  background: url(./bXipeBrs.png) top left repeat;

  h1 {
    font-weight: bold;
  }
}


/*# sourceMappingURL=SjafTEhN.scss.map */"
`;
