// Jest Snapshot v1, https://goo.gl/fbAQLP

exports[`CSS Asset Verbose 1`] = `
Array [
  Array [
    "Copying /Users/swerner/Workspace/open-source/rollup-plugin-rebase/test/css-asset-verbose/content.md => /Users/swerner/Workspace/open-source/rollup-plugin-rebase/test/css-asset-verbose/output/bsdudxaF.md...",
  ],
  Array [
    "Processing /Users/swerner/Workspace/open-source/rollup-plugin-rebase/test/css-asset-verbose/index.css => /Users/swerner/Workspace/open-source/rollup-plugin-rebase/test/css-asset-verbose/output/gToHHcDx.css...",
  ],
]
`;

exports[`CSS Asset Verbose 2`] = `
"bXipeBrs.png
bsdudxaF.md
gToHHcDx.css
gToHHcDx.css.map
index.js"
`;

exports[`CSS Asset Verbose 3`] = `
"import content from './bsdudxaF.md';
import css from './gToHHcDx.css';

function index() {
  return content + css
}

export default index;
"
`;

exports[`CSS Asset Verbose 4`] = `
"body {
  font-size: 20px;
  background: url(./bXipeBrs.png) top left repeat;
}

/*# sourceMappingURL=gToHHcDx.css.map */"
`;
