// Jest Snapshot v1, https://goo.gl/fbAQLP

exports[`CSS Asset Verbose 1`] = `
"Copying content.md => output/bsdudxaF.md...
Processing index.css => output/gToHHcDx.css..."
`;

exports[`CSS Asset Verbose 2`] = `
"bXipeBrs.png
bsdudxaF.md
gToHHcDx.css
gToHHcDx.css.map
index.js"
`;

exports[`CSS Asset Verbose 3`] = `
"import content from './bsdudxaF.md';
import css from './gToHHcDx.css';

function index() {
  return content + css
}

export default index;
"
`;

exports[`CSS Asset Verbose 4`] = `
"body {
  font-size: 20px;
  background: url(./bXipeBrs.png) top left repeat;
}

/*# sourceMappingURL=gToHHcDx.css.map */"
`;
